#-----------------------------------------------------------
# Webtalk v2015.4 (64-bit)
# SW Build 1412921 on Wed Nov 18 09:44:32 MST 2015
# IP Build 1412160 on Tue Nov 17 13:47:24 MST 2015
# Start of session at: Sun Apr  3 14:40:26 2016
# Process ID: 16124
# Current directory: /media/francis/Acer/Users/Francis/Documents/GitHub/Proyecto_De_Graduacion/FPU_FLM/FPU_2.0/FPU_2.0.sim/sim_1/synth/func
# Command line: wbtcv -mode batch -source /media/francis/Acer/Users/Francis/Documents/GitHub/Proyecto_De_Graduacion/FPU_FLM/FPU_2.0/FPU_2.0.sim/sim_1/synth/func/xsim.dir/Testbench_FPU_Add_Subt_func_synth/webtalk/xsim_webtalk.tcl -notrace
# Log file: /media/francis/Acer/Users/Francis/Documents/GitHub/Proyecto_De_Graduacion/FPU_FLM/FPU_2.0/FPU_2.0.sim/sim_1/synth/func/webtalk.log
# Journal file: /media/francis/Acer/Users/Francis/Documents/GitHub/Proyecto_De_Graduacion/FPU_FLM/FPU_2.0/FPU_2.0.sim/sim_1/synth/func/webtalk.jou
#-----------------------------------------------------------
source /media/francis/Acer/Users/Francis/Documents/GitHub/Proyecto_De_Graduacion/FPU_FLM/FPU_2.0/FPU_2.0.sim/sim_1/synth/func/xsim.dir/Testbench_FPU_Add_Subt_func_synth/webtalk/xsim_webtalk.tcl -notrace
